current directory: /Users/chetna/Documents/SunoMobile/suno-mobile-document-scan/vendor/bundle/ruby/3.2.0/gems/nkf-0.3.0/ext/nkf
/Users/chetna/.rbenv/versions/3.2.2/bin/ruby extconf.rb
creating Makefile

current directory: /Users/chetna/Documents/SunoMobile/suno-mobile-document-scan/vendor/bundle/ruby/3.2.0/gems/nkf-0.3.0/ext/nkf
make DESTDIR\= sitearchdir\=./.gem.20260811-48813-gngh7e sitelibdir\=./.gem.20260811-48813-gngh7e clean

current directory: /Users/chetna/Documents/SunoMobile/suno-mobile-document-scan/vendor/bundle/ruby/3.2.0/gems/nkf-0.3.0/ext/nkf
make DESTDIR\= sitearchdir\=./.gem.20260811-48813-gngh7e sitelibdir\=./.gem.20260811-48813-gngh7e
compiling nkf.c
In file included from nkf.c:14:
In file included from /Users/chetna/.rbenv/versions/3.2.2/include/ruby-3.2.0/ruby/ruby.h:28:
In file included from /Users/chetna/.rbenv/versions/3.2.2/include/ruby-3.2.0/ruby/internal/arithmetic.h:24:
In file included from /Users/chetna/.rbenv/versions/3.2.2/include/ruby-3.2.0/ruby/internal/arithmetic/char.h:29:
/Users/chetna/.rbenv/versions/3.2.2/include/ruby-3.2.0/ruby/internal/core/rstring.h:465:24: warning: default initialization of an object of type 'struct RString' with const member leaves the object uninitialized [-Wdefault-const-init-field-unsafe]
  465 |         struct RString retval;
      |                        ^
/Users/chetna/.rbenv/versions/3.2.2/include/ruby-3.2.0/ruby/internal/core/rbasic.h:88:17: note: member 'klass' declared 'const' here
   88 |     const VALUE klass;
      |                 ^
1 warning generated.
linking shared-object nkf.bundle
ld: warning: ignoring duplicate libraries: '-lruby.3.2'

current directory: /Users/chetna/Documents/SunoMobile/suno-mobile-document-scan/vendor/bundle/ruby/3.2.0/gems/nkf-0.3.0/ext/nkf
make DESTDIR\= sitearchdir\=./.gem.20260811-48813-gngh7e sitelibdir\=./.gem.20260811-48813-gngh7e install
/usr/bin/install -c -m 0755 nkf.bundle ./.gem.20260811-48813-gngh7e

current directory: /Users/chetna/Documents/SunoMobile/suno-mobile-document-scan/vendor/bundle/ruby/3.2.0/gems/nkf-0.3.0/ext/nkf
make DESTDIR\= sitearchdir\=./.gem.20260811-48813-gngh7e sitelibdir\=./.gem.20260811-48813-gngh7e clean
